Archive member included to satisfy reference by file (symbol)

d:/microchip studio/7.0/toolchain/avr8/avr8-gnu-toolchain/bin/../lib/gcc/avr/5.4.0/../../../../avr/lib/avr5\libm.a(divsf3.o)
                              middle layer/TIMER0_NORMAL/TIMER0.o (__divsf3)
d:/microchip studio/7.0/toolchain/avr8/avr8-gnu-toolchain/bin/../lib/gcc/avr/5.4.0/../../../../avr/lib/avr5\libm.a(divsf3x.o)
                              d:/microchip studio/7.0/toolchain/avr8/avr8-gnu-toolchain/bin/../lib/gcc/avr/5.4.0/../../../../avr/lib/avr5\libm.a(divsf3.o) (__divsf3x)
d:/microchip studio/7.0/toolchain/avr8/avr8-gnu-toolchain/bin/../lib/gcc/avr/5.4.0/../../../../avr/lib/avr5\libm.a(fixsfsi.o)
                              middle layer/TIMER0_NORMAL/TIMER0.o (__fixsfsi)
d:/microchip studio/7.0/toolchain/avr8/avr8-gnu-toolchain/bin/../lib/gcc/avr/5.4.0/../../../../avr/lib/avr5\libm.a(fixunssfsi.o)
                              middle layer/TIMER0_NORMAL/TIMER0.o (__fixunssfsi)
d:/microchip studio/7.0/toolchain/avr8/avr8-gnu-toolchain/bin/../lib/gcc/avr/5.4.0/../../../../avr/lib/avr5\libm.a(floatsisf.o)
                              middle layer/TIMER0_NORMAL/TIMER0.o (__floatunsisf)
d:/microchip studio/7.0/toolchain/avr8/avr8-gnu-toolchain/bin/../lib/gcc/avr/5.4.0/../../../../avr/lib/avr5\libm.a(fp_inf.o)
                              d:/microchip studio/7.0/toolchain/avr8/avr8-gnu-toolchain/bin/../lib/gcc/avr/5.4.0/../../../../avr/lib/avr5\libm.a(divsf3x.o) (__fp_inf)
d:/microchip studio/7.0/toolchain/avr8/avr8-gnu-toolchain/bin/../lib/gcc/avr/5.4.0/../../../../avr/lib/avr5\libm.a(fp_nan.o)
                              d:/microchip studio/7.0/toolchain/avr8/avr8-gnu-toolchain/bin/../lib/gcc/avr/5.4.0/../../../../avr/lib/avr5\libm.a(divsf3x.o) (__fp_nan)
d:/microchip studio/7.0/toolchain/avr8/avr8-gnu-toolchain/bin/../lib/gcc/avr/5.4.0/../../../../avr/lib/avr5\libm.a(fp_pscA.o)
                              d:/microchip studio/7.0/toolchain/avr8/avr8-gnu-toolchain/bin/../lib/gcc/avr/5.4.0/../../../../avr/lib/avr5\libm.a(divsf3x.o) (__fp_pscA)
d:/microchip studio/7.0/toolchain/avr8/avr8-gnu-toolchain/bin/../lib/gcc/avr/5.4.0/../../../../avr/lib/avr5\libm.a(fp_pscB.o)
                              d:/microchip studio/7.0/toolchain/avr8/avr8-gnu-toolchain/bin/../lib/gcc/avr/5.4.0/../../../../avr/lib/avr5\libm.a(divsf3x.o) (__fp_pscB)
d:/microchip studio/7.0/toolchain/avr8/avr8-gnu-toolchain/bin/../lib/gcc/avr/5.4.0/../../../../avr/lib/avr5\libm.a(fp_round.o)
                              d:/microchip studio/7.0/toolchain/avr8/avr8-gnu-toolchain/bin/../lib/gcc/avr/5.4.0/../../../../avr/lib/avr5\libm.a(divsf3.o) (__fp_round)
d:/microchip studio/7.0/toolchain/avr8/avr8-gnu-toolchain/bin/../lib/gcc/avr/5.4.0/../../../../avr/lib/avr5\libm.a(fp_split3.o)
                              d:/microchip studio/7.0/toolchain/avr8/avr8-gnu-toolchain/bin/../lib/gcc/avr/5.4.0/../../../../avr/lib/avr5\libm.a(divsf3x.o) (__fp_split3)
d:/microchip studio/7.0/toolchain/avr8/avr8-gnu-toolchain/bin/../lib/gcc/avr/5.4.0/../../../../avr/lib/avr5\libm.a(fp_zero.o)
                              d:/microchip studio/7.0/toolchain/avr8/avr8-gnu-toolchain/bin/../lib/gcc/avr/5.4.0/../../../../avr/lib/avr5\libm.a(fixunssfsi.o) (__fp_zero)
d:/microchip studio/7.0/toolchain/avr8/avr8-gnu-toolchain/bin/../lib/gcc/avr/5.4.0/avr5\libgcc.a(_exit.o)
                              D:/microchip studio/7.0/Packs/atmel/ATmega_DFP/1.7.374/gcc/dev/atmega32/avr5/crtatmega32.o (exit)
d:/microchip studio/7.0/toolchain/avr8/avr8-gnu-toolchain/bin/../lib/gcc/avr/5.4.0/avr5\libgcc.a(_clear_bss.o)
                              led_traficLayer/TRAFFIC_LIGHTS/TRAFFIC_LIGHTS.o (__do_clear_bss)

Allocating common symbols
Common symbol       size              file

CarsMode            0x1               led_traficLayer/TRAFFIC_LIGHTS/TRAFFIC_LIGHTS.o

Discarded input sections

 .data          0x00000000        0x0 D:/microchip studio/7.0/Packs/atmel/ATmega_DFP/1.7.374/gcc/dev/atmega32/avr5/crtatmega32.o
 .bss           0x00000000        0x0 D:/microchip studio/7.0/Packs/atmel/ATmega_DFP/1.7.374/gcc/dev/atmega32/avr5/crtatmega32.o
 .text          0x00000000        0x0 application/app.o
 .data          0x00000000        0x0 application/app.o
 .bss           0x00000000        0x0 application/app.o
 .text          0x00000000        0x0 led_traficLayer/LED/Led.o
 .data          0x00000000        0x0 led_traficLayer/LED/Led.o
 .bss           0x00000000        0x0 led_traficLayer/LED/Led.o
 .text.LED_init
                0x00000000        0x8 led_traficLayer/LED/Led.o
 .text          0x00000000        0x0 led_traficLayer/TRAFFIC_LIGHTS/TRAFFIC_LIGHTS.o
 .data          0x00000000        0x0 led_traficLayer/TRAFFIC_LIGHTS/TRAFFIC_LIGHTS.o
 .bss           0x00000000        0x0 led_traficLayer/TRAFFIC_LIGHTS/TRAFFIC_LIGHTS.o
 .text.T_Lights_init
                0x00000000       0x32 led_traficLayer/TRAFFIC_LIGHTS/TRAFFIC_LIGHTS.o
 .text.PedsGreenDisDisable
                0x00000000        0xa led_traficLayer/TRAFFIC_LIGHTS/TRAFFIC_LIGHTS.o
 .text          0x00000000        0x0 main.o
 .data          0x00000000        0x0 main.o
 .bss           0x00000000        0x0 main.o
 .text          0x00000000        0x0 middle layer/DIO DEVICE/DIO.o
 .data          0x00000000        0x0 middle layer/DIO DEVICE/DIO.o
 .bss           0x00000000        0x0 middle layer/DIO DEVICE/DIO.o
 .text          0x00000000        0x0 middle layer/EXTERNAL_INTRRUPT/EXT_INT.o
 .data          0x00000000        0x0 middle layer/EXTERNAL_INTRRUPT/EXT_INT.o
 .bss           0x00000000        0x0 middle layer/EXTERNAL_INTRRUPT/EXT_INT.o
 .text.EXT_INT_disble
                0x00000000       0x22 middle layer/EXTERNAL_INTRRUPT/EXT_INT.o
 .text          0x00000000        0x0 middle layer/TIMER0_NORMAL/TIMER0.o
 .data          0x00000000        0x0 middle layer/TIMER0_NORMAL/TIMER0.o
 .bss           0x00000000        0x0 middle layer/TIMER0_NORMAL/TIMER0.o
 .text.TIMER0_stop
                0x00000000        0x4 middle layer/TIMER0_NORMAL/TIMER0.o
 .text          0x00000000        0x0 d:/microchip studio/7.0/toolchain/avr8/avr8-gnu-toolchain/bin/../lib/gcc/avr/5.4.0/../../../../avr/lib/avr5\libm.a(divsf3.o)
 .data          0x00000000        0x0 d:/microchip studio/7.0/toolchain/avr8/avr8-gnu-toolchain/bin/../lib/gcc/avr/5.4.0/../../../../avr/lib/avr5\libm.a(divsf3.o)
 .bss           0x00000000        0x0 d:/microchip studio/7.0/toolchain/avr8/avr8-gnu-toolchain/bin/../lib/gcc/avr/5.4.0/../../../../avr/lib/avr5\libm.a(divsf3.o)
 .text          0x00000000        0x0 d:/microchip studio/7.0/toolchain/avr8/avr8-gnu-toolchain/bin/../lib/gcc/avr/5.4.0/../../../../avr/lib/avr5\libm.a(divsf3x.o)
 .data          0x00000000        0x0 d:/microchip studio/7.0/toolchain/avr8/avr8-gnu-toolchain/bin/../lib/gcc/avr/5.4.0/../../../../avr/lib/avr5\libm.a(divsf3x.o)
 .bss           0x00000000        0x0 d:/microchip studio/7.0/toolchain/avr8/avr8-gnu-toolchain/bin/../lib/gcc/avr/5.4.0/../../../../avr/lib/avr5\libm.a(divsf3x.o)
 .text          0x00000000        0x0 d:/microchip studio/7.0/toolchain/avr8/avr8-gnu-toolchain/bin/../lib/gcc/avr/5.4.0/../../../../avr/lib/avr5\libm.a(fixsfsi.o)
 .data          0x00000000        0x0 d:/microchip studio/7.0/toolchain/avr8/avr8-gnu-toolchain/bin/../lib/gcc/avr/5.4.0/../../../../avr/lib/avr5\libm.a(fixsfsi.o)
 .bss           0x00000000        0x0 d:/microchip studio/7.0/toolchain/avr8/avr8-gnu-toolchain/bin/../lib/gcc/avr/5.4.0/../../../../avr/lib/avr5\libm.a(fixsfsi.o)
 .text          0x00000000        0x0 d:/microchip studio/7.0/toolchain/avr8/avr8-gnu-toolchain/bin/../lib/gcc/avr/5.4.0/../../../../avr/lib/avr5\libm.a(fixunssfsi.o)
 .data          0x00000000        0x0 d:/microchip studio/7.0/toolchain/avr8/avr8-gnu-toolchain/bin/../lib/gcc/avr/5.4.0/../../../../avr/lib/avr5\libm.a(fixunssfsi.o)
 .bss           0x00000000        0x0 d:/microchip studio/7.0/toolchain/avr8/avr8-gnu-toolchain/bin/../lib/gcc/avr/5.4.0/../../../../avr/lib/avr5\libm.a(fixunssfsi.o)
 .text          0x00000000        0x0 d:/microchip studio/7.0/toolchain/avr8/avr8-gnu-toolchain/bin/../lib/gcc/avr/5.4.0/../../../../avr/lib/avr5\libm.a(floatsisf.o)
 .data          0x00000000        0x0 d:/microchip studio/7.0/toolchain/avr8/avr8-gnu-toolchain/bin/../lib/gcc/avr/5.4.0/../../../../avr/lib/avr5\libm.a(floatsisf.o)
 .bss           0x00000000        0x0 d:/microchip studio/7.0/toolchain/avr8/avr8-gnu-toolchain/bin/../lib/gcc/avr/5.4.0/../../../../avr/lib/avr5\libm.a(floatsisf.o)
 .text          0x00000000        0x0 d:/microchip studio/7.0/toolchain/avr8/avr8-gnu-toolchain/bin/../lib/gcc/avr/5.4.0/../../../../avr/lib/avr5\libm.a(fp_inf.o)
 .data          0x00000000        0x0 d:/microchip studio/7.0/toolchain/avr8/avr8-gnu-toolchain/bin/../lib/gcc/avr/5.4.0/../../../../avr/lib/avr5\libm.a(fp_inf.o)
 .bss           0x00000000        0x0 d:/microchip studio/7.0/toolchain/avr8/avr8-gnu-toolchain/bin/../lib/gcc/avr/5.4.0/../../../../avr/lib/avr5\libm.a(fp_inf.o)
 .text          0x00000000        0x0 d:/microchip studio/7.0/toolchain/avr8/avr8-gnu-toolchain/bin/../lib/gcc/avr/5.4.0/../../../../avr/lib/avr5\libm.a(fp_nan.o)
 .data          0x00000000        0x0 d:/microchip studio/7.0/toolchain/avr8/avr8-gnu-toolchain/bin/../lib/gcc/avr/5.4.0/../../../../avr/lib/avr5\libm.a(fp_nan.o)
 .bss           0x00000000        0x0 d:/microchip studio/7.0/toolchain/avr8/avr8-gnu-toolchain/bin/../lib/gcc/avr/5.4.0/../../../../avr/lib/avr5\libm.a(fp_nan.o)
 .text          0x00000000        0x0 d:/microchip studio/7.0/toolchain/avr8/avr8-gnu-toolchain/bin/../lib/gcc/avr/5.4.0/../../../../avr/lib/avr5\libm.a(fp_pscA.o)
 .data          0x00000000        0x0 d:/microchip studio/7.0/toolchain/avr8/avr8-gnu-toolchain/bin/../lib/gcc/avr/5.4.0/../../../../avr/lib/avr5\libm.a(fp_pscA.o)
 .bss           0x00000000        0x0 d:/microchip studio/7.0/toolchain/avr8/avr8-gnu-toolchain/bin/../lib/gcc/avr/5.4.0/../../../../avr/lib/avr5\libm.a(fp_pscA.o)
 .text          0x00000000        0x0 d:/microchip studio/7.0/toolchain/avr8/avr8-gnu-toolchain/bin/../lib/gcc/avr/5.4.0/../../../../avr/lib/avr5\libm.a(fp_pscB.o)
 .data          0x00000000        0x0 d:/microchip studio/7.0/toolchain/avr8/avr8-gnu-toolchain/bin/../lib/gcc/avr/5.4.0/../../../../avr/lib/avr5\libm.a(fp_pscB.o)
 .bss           0x00000000        0x0 d:/microchip studio/7.0/toolchain/avr8/avr8-gnu-toolchain/bin/../lib/gcc/avr/5.4.0/../../../../avr/lib/avr5\libm.a(fp_pscB.o)
 .text          0x00000000        0x0 d:/microchip studio/7.0/toolchain/avr8/avr8-gnu-toolchain/bin/../lib/gcc/avr/5.4.0/../../../../avr/lib/avr5\libm.a(fp_round.o)
 .data          0x00000000        0x0 d:/microchip studio/7.0/toolchain/avr8/avr8-gnu-toolchain/bin/../lib/gcc/avr/5.4.0/../../../../avr/lib/avr5\libm.a(fp_round.o)
 .bss           0x00000000        0x0 d:/microchip studio/7.0/toolchain/avr8/avr8-gnu-toolchain/bin/../lib/gcc/avr/5.4.0/../../../../avr/lib/avr5\libm.a(fp_round.o)
 .text          0x00000000        0x0 d:/microchip studio/7.0/toolchain/avr8/avr8-gnu-toolchain/bin/../lib/gcc/avr/5.4.0/../../../../avr/lib/avr5\libm.a(fp_split3.o)
 .data          0x00000000        0x0 d:/microchip studio/7.0/toolchain/avr8/avr8-gnu-toolchain/bin/../lib/gcc/avr/5.4.0/../../../../avr/lib/avr5\libm.a(fp_split3.o)
 .bss           0x00000000        0x0 d:/microchip studio/7.0/toolchain/avr8/avr8-gnu-toolchain/bin/../lib/gcc/avr/5.4.0/../../../../avr/lib/avr5\libm.a(fp_split3.o)
 .text          0x00000000        0x0 d:/microchip studio/7.0/toolchain/avr8/avr8-gnu-toolchain/bin/../lib/gcc/avr/5.4.0/../../../../avr/lib/avr5\libm.a(fp_zero.o)
 .data          0x00000000        0x0 d:/microchip studio/7.0/toolchain/avr8/avr8-gnu-toolchain/bin/../lib/gcc/avr/5.4.0/../../../../avr/lib/avr5\libm.a(fp_zero.o)
 .bss           0x00000000        0x0 d:/microchip studio/7.0/toolchain/avr8/avr8-gnu-toolchain/bin/../lib/gcc/avr/5.4.0/../../../../avr/lib/avr5\libm.a(fp_zero.o)
 .text          0x00000000        0x0 d:/microchip studio/7.0/toolchain/avr8/avr8-gnu-toolchain/bin/../lib/gcc/avr/5.4.0/avr5\libgcc.a(_exit.o)
 .data          0x00000000        0x0 d:/microchip studio/7.0/toolchain/avr8/avr8-gnu-toolchain/bin/../lib/gcc/avr/5.4.0/avr5\libgcc.a(_exit.o)
 .bss           0x00000000        0x0 d:/microchip studio/7.0/toolchain/avr8/avr8-gnu-toolchain/bin/../lib/gcc/avr/5.4.0/avr5\libgcc.a(_exit.o)
 .text.libgcc.mul
                0x00000000        0x0 d:/microchip studio/7.0/toolchain/avr8/avr8-gnu-toolchain/bin/../lib/gcc/avr/5.4.0/avr5\libgcc.a(_exit.o)
 .text.libgcc.div
                0x00000000        0x0 d:/microchip studio/7.0/toolchain/avr8/avr8-gnu-toolchain/bin/../lib/gcc/avr/5.4.0/avr5\libgcc.a(_exit.o)
 .text.libgcc   0x00000000        0x0 d:/microchip studio/7.0/toolchain/avr8/avr8-gnu-toolchain/bin/../lib/gcc/avr/5.4.0/avr5\libgcc.a(_exit.o)
 .text.libgcc.prologue
                0x00000000        0x0 d:/microchip studio/7.0/toolchain/avr8/avr8-gnu-toolchain/bin/../lib/gcc/avr/5.4.0/avr5\libgcc.a(_exit.o)
 .text.libgcc.builtins
                0x00000000        0x0 d:/microchip studio/7.0/toolchain/avr8/avr8-gnu-toolchain/bin/../lib/gcc/avr/5.4.0/avr5\libgcc.a(_exit.o)
 .text.libgcc.fmul
                0x00000000        0x0 d:/microchip studio/7.0/toolchain/avr8/avr8-gnu-toolchain/bin/../lib/gcc/avr/5.4.0/avr5\libgcc.a(_exit.o)
 .text.libgcc.fixed
                0x00000000        0x0 d:/microchip studio/7.0/toolchain/avr8/avr8-gnu-toolchain/bin/../lib/gcc/avr/5.4.0/avr5\libgcc.a(_exit.o)
 .text          0x00000000        0x0 d:/microchip studio/7.0/toolchain/avr8/avr8-gnu-toolchain/bin/../lib/gcc/avr/5.4.0/avr5\libgcc.a(_clear_bss.o)
 .data          0x00000000        0x0 d:/microchip studio/7.0/toolchain/avr8/avr8-gnu-toolchain/bin/../lib/gcc/avr/5.4.0/avr5\libgcc.a(_clear_bss.o)
 .bss           0x00000000        0x0 d:/microchip studio/7.0/toolchain/avr8/avr8-gnu-toolchain/bin/../lib/gcc/avr/5.4.0/avr5\libgcc.a(_clear_bss.o)
 .text.libgcc.mul
                0x00000000        0x0 d:/microchip studio/7.0/toolchain/avr8/avr8-gnu-toolchain/bin/../lib/gcc/avr/5.4.0/avr5\libgcc.a(_clear_bss.o)
 .text.libgcc.div
                0x00000000        0x0 d:/microchip studio/7.0/toolchain/avr8/avr8-gnu-toolchain/bin/../lib/gcc/avr/5.4.0/avr5\libgcc.a(_clear_bss.o)
 .text.libgcc   0x00000000        0x0 d:/microchip studio/7.0/toolchain/avr8/avr8-gnu-toolchain/bin/../lib/gcc/avr/5.4.0/avr5\libgcc.a(_clear_bss.o)
 .text.libgcc.prologue
                0x00000000        0x0 d:/microchip studio/7.0/toolchain/avr8/avr8-gnu-toolchain/bin/../lib/gcc/avr/5.4.0/avr5\libgcc.a(_clear_bss.o)
 .text.libgcc.builtins
                0x00000000        0x0 d:/microchip studio/7.0/toolchain/avr8/avr8-gnu-toolchain/bin/../lib/gcc/avr/5.4.0/avr5\libgcc.a(_clear_bss.o)
 .text.libgcc.fmul
                0x00000000        0x0 d:/microchip studio/7.0/toolchain/avr8/avr8-gnu-toolchain/bin/../lib/gcc/avr/5.4.0/avr5\libgcc.a(_clear_bss.o)
 .text.libgcc.fixed
                0x00000000        0x0 d:/microchip studio/7.0/toolchain/avr8/avr8-gnu-toolchain/bin/../lib/gcc/avr/5.4.0/avr5\libgcc.a(_clear_bss.o)

Memory Configuration

Name             Origin             Length             Attributes
text             0x00000000         0x00008000         xr
data             0x00800060         0x00000800         rw !x
eeprom           0x00810000         0x00000400         rw !x
fuse             0x00820000         0x00000002         rw !x
lock             0x00830000         0x00000400         rw !x
signature        0x00840000         0x00000400         rw !x
user_signatures  0x00850000         0x00000400         rw !x
*default*        0x00000000         0xffffffff

Linker script and memory map

LOAD D:/microchip studio/7.0/Packs/atmel/ATmega_DFP/1.7.374/gcc/dev/atmega32/avr5/crtatmega32.o
LOAD application/app.o
LOAD led_traficLayer/LED/Led.o
LOAD led_traficLayer/TRAFFIC_LIGHTS/TRAFFIC_LIGHTS.o
LOAD main.o
LOAD middle layer/DIO DEVICE/DIO.o
LOAD middle layer/EXTERNAL_INTRRUPT/EXT_INT.o
LOAD middle layer/TIMER0_NORMAL/TIMER0.o
START GROUP
LOAD d:/microchip studio/7.0/toolchain/avr8/avr8-gnu-toolchain/bin/../lib/gcc/avr/5.4.0/../../../../avr/lib/avr5\libm.a
END GROUP
START GROUP
LOAD d:/microchip studio/7.0/toolchain/avr8/avr8-gnu-toolchain/bin/../lib/gcc/avr/5.4.0/avr5\libgcc.a
LOAD d:/microchip studio/7.0/toolchain/avr8/avr8-gnu-toolchain/bin/../lib/gcc/avr/5.4.0/../../../../avr/lib/avr5\libm.a
LOAD d:/microchip studio/7.0/toolchain/avr8/avr8-gnu-toolchain/bin/../lib/gcc/avr/5.4.0/../../../../avr/lib/avr5\libc.a
LOAD D:/microchip studio/7.0/Packs/atmel/ATmega_DFP/1.7.374/gcc/dev/atmega32/avr5\libatmega32.a
END GROUP
                0x00000000                __TEXT_REGION_ORIGIN__ = DEFINED (__TEXT_REGION_ORIGIN__)?__TEXT_REGION_ORIGIN__:0x0
                [0x00800060]                __DATA_REGION_ORIGIN__ = DEFINED (__DATA_REGION_ORIGIN__)?__DATA_REGION_ORIGIN__:0x800060
                [0x00008000]                __TEXT_REGION_LENGTH__ = DEFINED (__TEXT_REGION_LENGTH__)?__TEXT_REGION_LENGTH__:0x20000
                [0x00000800]                __DATA_REGION_LENGTH__ = DEFINED (__DATA_REGION_LENGTH__)?__DATA_REGION_LENGTH__:0xffa0
                [0x00000400]                __EEPROM_REGION_LENGTH__ = DEFINED (__EEPROM_REGION_LENGTH__)?__EEPROM_REGION_LENGTH__:0x10000
                [0x00000002]                __FUSE_REGION_LENGTH__ = DEFINED (__FUSE_REGION_LENGTH__)?__FUSE_REGION_LENGTH__:0x400
                0x00000400                __LOCK_REGION_LENGTH__ = DEFINED (__LOCK_REGION_LENGTH__)?__LOCK_REGION_LENGTH__:0x400
                0x00000400                __SIGNATURE_REGION_LENGTH__ = DEFINED (__SIGNATURE_REGION_LENGTH__)?__SIGNATURE_REGION_LENGTH__:0x400
                0x00000400                __USER_SIGNATURE_REGION_LENGTH__ = DEFINED (__USER_SIGNATURE_REGION_LENGTH__)?__USER_SIGNATURE_REGION_LENGTH__:0x400

.hash
 *(.hash)

.dynsym
 *(.dynsym)

.dynstr
 *(.dynstr)

.gnu.version
 *(.gnu.version)

.gnu.version_d
 *(.gnu.version_d)

.gnu.version_r
 *(.gnu.version_r)

.rel.init
 *(.rel.init)

.rela.init
 *(.rela.init)

.rel.text
 *(.rel.text)
 *(.rel.text.*)
 *(.rel.gnu.linkonce.t*)

.rela.text
 *(.rela.text)
 *(.rela.text.*)
 *(.rela.gnu.linkonce.t*)

.rel.fini
 *(.rel.fini)

.rela.fini
 *(.rela.fini)

.rel.rodata
 *(.rel.rodata)
 *(.rel.rodata.*)
 *(.rel.gnu.linkonce.r*)

.rela.rodata
 *(.rela.rodata)
 *(.rela.rodata.*)
 *(.rela.gnu.linkonce.r*)

.rel.data
 *(.rel.data)
 *(.rel.data.*)
 *(.rel.gnu.linkonce.d*)

.rela.data
 *(.rela.data)
 *(.rela.data.*)
 *(.rela.gnu.linkonce.d*)

.rel.ctors
 *(.rel.ctors)

.rela.ctors
 *(.rela.ctors)

.rel.dtors
 *(.rel.dtors)

.rela.dtors
 *(.rela.dtors)

.rel.got
 *(.rel.got)

.rela.got
 *(.rela.got)

.rel.bss
 *(.rel.bss)

.rela.bss
 *(.rela.bss)

.rel.plt
 *(.rel.plt)

.rela.plt
 *(.rela.plt)

.text           0x00000000      0xa80
 *(.vectors)
 .vectors       0x00000000       0x54 D:/microchip studio/7.0/Packs/atmel/ATmega_DFP/1.7.374/gcc/dev/atmega32/avr5/crtatmega32.o
                0x00000000                __vector_default
                0x00000000                __vectors
 *(.vectors)
 *(.progmem.gcc*)
                0x00000054                . = ALIGN (0x2)
                0x00000054                __trampolines_start = .
 *(.trampolines)
 .trampolines   0x00000054        0x0 linker stubs
 *(.trampolines*)
                0x00000054                __trampolines_end = .
 *libprintf_flt.a:*(.progmem.data)
 *libc.a:*(.progmem.data)
 *(.progmem*)
                0x00000054                . = ALIGN (0x2)
 *(.jumptables)
 *(.jumptables*)
 *(.lowtext)
 *(.lowtext*)
                0x00000054                __ctors_start = .
 *(.ctors)
                0x00000054                __ctors_end = .
                0x00000054                __dtors_start = .
 *(.dtors)
                0x00000054                __dtors_end = .
 SORT(*)(.ctors)
 SORT(*)(.dtors)
 *(.init0)
 .init0         0x00000054        0x0 D:/microchip studio/7.0/Packs/atmel/ATmega_DFP/1.7.374/gcc/dev/atmega32/avr5/crtatmega32.o
                0x00000054                __init
 *(.init0)
 *(.init1)
 *(.init1)
 *(.init2)
 .init2         0x00000054        0xc D:/microchip studio/7.0/Packs/atmel/ATmega_DFP/1.7.374/gcc/dev/atmega32/avr5/crtatmega32.o
 *(.init2)
 *(.init3)
 *(.init3)
 *(.init4)
 .init4         0x00000060       0x10 d:/microchip studio/7.0/toolchain/avr8/avr8-gnu-toolchain/bin/../lib/gcc/avr/5.4.0/avr5\libgcc.a(_clear_bss.o)
                0x00000060                __do_clear_bss
 *(.init4)
 *(.init5)
 *(.init5)
 *(.init6)
 *(.init6)
 *(.init7)
 *(.init7)
 *(.init8)
 *(.init8)
 *(.init9)
 .init9         0x00000070        0x8 D:/microchip studio/7.0/Packs/atmel/ATmega_DFP/1.7.374/gcc/dev/atmega32/avr5/crtatmega32.o
 *(.init9)
 *(.text)
 .text          0x00000078        0x4 D:/microchip studio/7.0/Packs/atmel/ATmega_DFP/1.7.374/gcc/dev/atmega32/avr5/crtatmega32.o
                0x00000078                __vector_12
                0x00000078                __bad_interrupt
                0x00000078                __vector_6
                0x00000078                __vector_3
                0x00000078                __vector_11
                0x00000078                __vector_13
                0x00000078                __vector_17
                0x00000078                __vector_19
                0x00000078                __vector_7
                0x00000078                __vector_5
                0x00000078                __vector_4
                0x00000078                __vector_9
                0x00000078                __vector_2
                0x00000078                __vector_15
                0x00000078                __vector_8
                0x00000078                __vector_14
                0x00000078                __vector_10
                0x00000078                __vector_16
                0x00000078                __vector_18
                0x00000078                __vector_20
                0x0000007c                . = ALIGN (0x2)
 *(.text.*)
 .text.__vector_1
                0x0000007c       0xe4 application/app.o
                0x0000007c                __vector_1
 .text.appInit  0x00000160        0xa application/app.o
                0x00000160                appInit
 .text.appStart
                0x0000016a        0xc application/app.o
                0x0000016a                appStart
 .text.LED_on   0x00000176        0x8 led_traficLayer/LED/Led.o
                0x00000176                LED_on
 .text.LED_off  0x0000017e        0x8 led_traficLayer/LED/Led.o
                0x0000017e                LED_off
 .text.LED_toggle
                0x00000186        0x6 led_traficLayer/LED/Led.o
                0x00000186                LED_toggle
 .text.CarsGreenEnable
                0x0000018c       0x10 led_traficLayer/TRAFFIC_LIGHTS/TRAFFIC_LIGHTS.o
                0x0000018c                CarsGreenEnable
 .text.CarsGreenDisable
                0x0000019c        0xa led_traficLayer/TRAFFIC_LIGHTS/TRAFFIC_LIGHTS.o
                0x0000019c                CarsGreenDisable
 .text.PedsGreenEnable
                0x000001a6        0xa led_traficLayer/TRAFFIC_LIGHTS/TRAFFIC_LIGHTS.o
                0x000001a6                PedsGreenEnable
 .text.BothSteady
                0x000001b0       0x48 led_traficLayer/TRAFFIC_LIGHTS/TRAFFIC_LIGHTS.o
                0x000001b0                BothSteady
 .text.CarsRedEnable
                0x000001f8       0x10 led_traficLayer/TRAFFIC_LIGHTS/TRAFFIC_LIGHTS.o
                0x000001f8                CarsRedEnable
 .text.CarsRedDisable
                0x00000208        0xa led_traficLayer/TRAFFIC_LIGHTS/TRAFFIC_LIGHTS.o
                0x00000208                CarsRedDisable
 .text.PedsRedEnable
                0x00000212        0xa led_traficLayer/TRAFFIC_LIGHTS/TRAFFIC_LIGHTS.o
                0x00000212                PedsRedEnable
 .text.PedsRedDisable
                0x0000021c        0xa led_traficLayer/TRAFFIC_LIGHTS/TRAFFIC_LIGHTS.o
                0x0000021c                PedsRedDisable
 .text.T_Lights_CurrentMode
                0x00000226        0x6 led_traficLayer/TRAFFIC_LIGHTS/TRAFFIC_LIGHTS.o
                0x00000226                T_Lights_CurrentMode
 .text.TurnCarsOff
                0x0000022c       0x1a led_traficLayer/TRAFFIC_LIGHTS/TRAFFIC_LIGHTS.o
                0x0000022c                TurnCarsOff
 .text.CarsSteady
                0x00000246       0x46 led_traficLayer/TRAFFIC_LIGHTS/TRAFFIC_LIGHTS.o
                0x00000246                CarsSteady
 .text.T_LIGHTS_NormalMode
                0x0000028c       0x7c led_traficLayer/TRAFFIC_LIGHTS/TRAFFIC_LIGHTS.o
                0x0000028c                T_LIGHTS_NormalMode
 .text.TurnAllOff
                0x00000308       0x32 led_traficLayer/TRAFFIC_LIGHTS/TRAFFIC_LIGHTS.o
                0x00000308                TurnAllOff
 .text.ResetNormalMode
                0x0000033a        0x8 led_traficLayer/TRAFFIC_LIGHTS/TRAFFIC_LIGHTS.o
                0x0000033a                ResetNormalMode
 .text.main     0x00000342        0xa main.o
                0x00000342                main
 .text.DIO_init
                0x0000034c      0x104 middle layer/DIO DEVICE/DIO.o
                0x0000034c                DIO_init
 .text.DIO_write
                0x00000450      0x104 middle layer/DIO DEVICE/DIO.o
                0x00000450                DIO_write
 .text.DIO_toggle
                0x00000554       0x78 middle layer/DIO DEVICE/DIO.o
                0x00000554                DIO_toggle
 .text.DIO_read
                0x000005cc       0x78 middle layer/DIO DEVICE/DIO.o
                0x000005cc                DIO_read
 .text.EXT_INT_init
                0x00000644       0xa4 middle layer/EXTERNAL_INTRRUPT/EXT_INT.o
                0x00000644                EXT_INT_init
 .text.EXT_INT_enable
                0x000006e8       0x34 middle layer/EXTERNAL_INTRRUPT/EXT_INT.o
                0x000006e8                EXT_INT_enable
 .text.TIMER0_init
                0x0000071c        0x6 middle layer/TIMER0_NORMAL/TIMER0.o
                0x0000071c                TIMER0_init
 .text.TIMER0_setPreload
                0x00000722        0x4 middle layer/TIMER0_NORMAL/TIMER0.o
                0x00000722                TIMER0_setPreload
 .text.TIMER0_start
                0x00000726       0x48 middle layer/TIMER0_NORMAL/TIMER0.o
                0x00000726                TIMER0_start
 .text.TIMER0_reset
                0x0000076e        0x8 middle layer/TIMER0_NORMAL/TIMER0.o
                0x0000076e                TIMER0_reset
 .text.TIMER0_Delay
                0x00000776       0x9a middle layer/TIMER0_NORMAL/TIMER0.o
                0x00000776                TIMER0_Delay
 .text.avr-libc.fplib
                0x00000810        0x8 d:/microchip studio/7.0/toolchain/avr8/avr8-gnu-toolchain/bin/../lib/gcc/avr/5.4.0/../../../../avr/lib/avr5\libm.a(divsf3.o)
                0x00000810                __divsf3
 .text.avr-libc.fplib
                0x00000818       0xdc d:/microchip studio/7.0/toolchain/avr8/avr8-gnu-toolchain/bin/../lib/gcc/avr/5.4.0/../../../../avr/lib/avr5\libm.a(divsf3x.o)
                0x00000838                __divsf3x
                0x0000083e                __divsf3_pse
 .text.avr-libc.fplib
                0x000008f4        0xe d:/microchip studio/7.0/toolchain/avr8/avr8-gnu-toolchain/bin/../lib/gcc/avr/5.4.0/../../../../avr/lib/avr5\libm.a(fixsfsi.o)
                0x000008f4                __fixsfsi
 .text.avr-libc.fplib
                0x00000902       0x5e d:/microchip studio/7.0/toolchain/avr8/avr8-gnu-toolchain/bin/../lib/gcc/avr/5.4.0/../../../../avr/lib/avr5\libm.a(fixunssfsi.o)
                0x00000902                __fixunssfsi
 .text.avr-libc.fplib
                0x00000960       0x7a d:/microchip studio/7.0/toolchain/avr8/avr8-gnu-toolchain/bin/../lib/gcc/avr/5.4.0/../../../../avr/lib/avr5\libm.a(floatsisf.o)
                0x00000960                __floatunsisf
                0x00000964                __floatsisf
 .text.avr-libc.fplib
                0x000009da        0xc d:/microchip studio/7.0/toolchain/avr8/avr8-gnu-toolchain/bin/../lib/gcc/avr/5.4.0/../../../../avr/lib/avr5\libm.a(fp_inf.o)
                0x000009da                __fp_inf
 .text.avr-libc.fplib
                0x000009e6        0x6 d:/microchip studio/7.0/toolchain/avr8/avr8-gnu-toolchain/bin/../lib/gcc/avr/5.4.0/../../../../avr/lib/avr5\libm.a(fp_nan.o)
                0x000009e6                __fp_nan
 .text.avr-libc.fplib
                0x000009ec        0xe d:/microchip studio/7.0/toolchain/avr8/avr8-gnu-toolchain/bin/../lib/gcc/avr/5.4.0/../../../../avr/lib/avr5\libm.a(fp_pscA.o)
                0x000009ec                __fp_pscA
 .text.avr-libc.fplib
                0x000009fa        0xe d:/microchip studio/7.0/toolchain/avr8/avr8-gnu-toolchain/bin/../lib/gcc/avr/5.4.0/../../../../avr/lib/avr5\libm.a(fp_pscB.o)
                0x000009fa                __fp_pscB
 .text.avr-libc.fplib
                0x00000a08       0x22 d:/microchip studio/7.0/toolchain/avr8/avr8-gnu-toolchain/bin/../lib/gcc/avr/5.4.0/../../../../avr/lib/avr5\libm.a(fp_round.o)
                0x00000a08                __fp_round
 .text.avr-libc.fplib
                0x00000a2a       0x44 d:/microchip studio/7.0/toolchain/avr8/avr8-gnu-toolchain/bin/../lib/gcc/avr/5.4.0/../../../../avr/lib/avr5\libm.a(fp_split3.o)
                0x00000a2a                __fp_split3
                0x00000a3a                __fp_splitA
 .text.avr-libc.fplib
                0x00000a6e        0xe d:/microchip studio/7.0/toolchain/avr8/avr8-gnu-toolchain/bin/../lib/gcc/avr/5.4.0/../../../../avr/lib/avr5\libm.a(fp_zero.o)
                0x00000a6e                __fp_zero
                0x00000a70                __fp_szero
                0x00000a7c                . = ALIGN (0x2)
 *(.fini9)
 .fini9         0x00000a7c        0x0 d:/microchip studio/7.0/toolchain/avr8/avr8-gnu-toolchain/bin/../lib/gcc/avr/5.4.0/avr5\libgcc.a(_exit.o)
                0x00000a7c                _exit
                0x00000a7c                exit
 *(.fini9)
 *(.fini8)
 *(.fini8)
 *(.fini7)
 *(.fini7)
 *(.fini6)
 *(.fini6)
 *(.fini5)
 *(.fini5)
 *(.fini4)
 *(.fini4)
 *(.fini3)
 *(.fini3)
 *(.fini2)
 *(.fini2)
 *(.fini1)
 *(.fini1)
 *(.fini0)
 .fini0         0x00000a7c        0x4 d:/microchip studio/7.0/toolchain/avr8/avr8-gnu-toolchain/bin/../lib/gcc/avr/5.4.0/avr5\libgcc.a(_exit.o)
 *(.fini0)
                0x00000a80                _etext = .

.data           0x00800060        0x0 load address 0x00000a80
                [!provide]                PROVIDE (__data_start, .)
 *(.data)
 *(.data*)
 *(.gnu.linkonce.d*)
 *(.rodata)
 *(.rodata*)
 *(.gnu.linkonce.r*)
                0x00800060                . = ALIGN (0x2)
                0x00800060                _edata = .
                [!provide]                PROVIDE (__data_end, .)

.bss            0x00800060        0x5
                0x00800060                PROVIDE (__bss_start, .)
 *(.bss)
 *(.bss*)
 .bss.i.1704    0x00800060        0x1 led_traficLayer/TRAFFIC_LIGHTS/TRAFFIC_LIGHTS.o
 .bss.i.1697    0x00800061        0x1 led_traficLayer/TRAFFIC_LIGHTS/TRAFFIC_LIGHTS.o
 .bss.resetFlag
                0x00800062        0x1 led_traficLayer/TRAFFIC_LIGHTS/TRAFFIC_LIGHTS.o
                0x00800062                resetFlag
 .bss.exitFlag  0x00800063        0x1 middle layer/TIMER0_NORMAL/TIMER0.o
                0x00800063                exitFlag
 *(COMMON)
 COMMON         0x00800064        0x1 led_traficLayer/TRAFFIC_LIGHTS/TRAFFIC_LIGHTS.o
                0x00800064                CarsMode
                0x00800065                PROVIDE (__bss_end, .)
                0x00000a80                __data_load_start = LOADADDR (.data)
                0x00000a80                __data_load_end = (__data_load_start + SIZEOF (.data))

.noinit         0x00800065        0x0
                [!provide]                PROVIDE (__noinit_start, .)
 *(.noinit*)
                [!provide]                PROVIDE (__noinit_end, .)
                0x00800065                _end = .
                [!provide]                PROVIDE (__heap_start, .)

.eeprom         0x00810000        0x0
 *(.eeprom*)
                0x00810000                __eeprom_end = .

.fuse
 *(.fuse)
 *(.lfuse)
 *(.hfuse)
 *(.efuse)

.lock
 *(.lock*)

.signature
 *(.signature*)

.user_signatures
 *(.user_signatures*)

.stab
 *(.stab)

.stabstr
 *(.stabstr)

.stab.excl
 *(.stab.excl)

.stab.exclstr
 *(.stab.exclstr)

.stab.index
 *(.stab.index)

.stab.indexstr
 *(.stab.indexstr)

.comment        0x00000000       0x30
 *(.comment)
 .comment       0x00000000       0x30 application/app.o
                                 0x31 (size before relaxing)
 .comment       0x00000030       0x31 led_traficLayer/LED/Led.o
 .comment       0x00000030       0x31 led_traficLayer/TRAFFIC_LIGHTS/TRAFFIC_LIGHTS.o
 .comment       0x00000030       0x31 main.o
 .comment       0x00000030       0x31 middle layer/DIO DEVICE/DIO.o
 .comment       0x00000030       0x31 middle layer/EXTERNAL_INTRRUPT/EXT_INT.o
 .comment       0x00000030       0x31 middle layer/TIMER0_NORMAL/TIMER0.o

.note.gnu.avr.deviceinfo
                0x00000000       0x3c
 .note.gnu.avr.deviceinfo
                0x00000000       0x3c D:/microchip studio/7.0/Packs/atmel/ATmega_DFP/1.7.374/gcc/dev/atmega32/avr5/crtatmega32.o

.note.gnu.build-id
 *(.note.gnu.build-id)

.debug
 *(.debug)

.line
 *(.line)

.debug_srcinfo
 *(.debug_srcinfo)

.debug_sfnames
 *(.debug_sfnames)

.debug_aranges  0x00000000      0x1d0
 *(.debug_aranges)
 .debug_aranges
                0x00000000       0x30 application/app.o
 .debug_aranges
                0x00000030       0x38 led_traficLayer/LED/Led.o
 .debug_aranges
                0x00000068       0x98 led_traficLayer/TRAFFIC_LIGHTS/TRAFFIC_LIGHTS.o
 .debug_aranges
                0x00000100       0x20 main.o
 .debug_aranges
                0x00000120       0x38 middle layer/DIO DEVICE/DIO.o
 .debug_aranges
                0x00000158       0x30 middle layer/EXTERNAL_INTRRUPT/EXT_INT.o
 .debug_aranges
                0x00000188       0x48 middle layer/TIMER0_NORMAL/TIMER0.o

.debug_pubnames
 *(.debug_pubnames)

.debug_info     0x00000000     0x161c
 *(.debug_info .gnu.linkonce.wi.*)
 .debug_info    0x00000000      0x4e6 D:/microchip studio/7.0/Packs/atmel/ATmega_DFP/1.7.374/gcc/dev/atmega32/avr5/crtatmega32.o
 .debug_info    0x000004e6      0x353 application/app.o
 .debug_info    0x00000839      0x1d9 led_traficLayer/LED/Led.o
 .debug_info    0x00000a12      0x5db led_traficLayer/TRAFFIC_LIGHTS/TRAFFIC_LIGHTS.o
 .debug_info    0x00000fed       0x9b main.o
 .debug_info    0x00001088      0x179 middle layer/DIO DEVICE/DIO.o
 .debug_info    0x00001201      0x20a middle layer/EXTERNAL_INTRRUPT/EXT_INT.o
 .debug_info    0x0000140b      0x211 middle layer/TIMER0_NORMAL/TIMER0.o

.debug_abbrev   0x00000000      0x9fe
 *(.debug_abbrev)
 .debug_abbrev  0x00000000      0x4a3 D:/microchip studio/7.0/Packs/atmel/ATmega_DFP/1.7.374/gcc/dev/atmega32/avr5/crtatmega32.o
 .debug_abbrev  0x000004a3      0x10c application/app.o
 .debug_abbrev  0x000005af       0x8b led_traficLayer/LED/Led.o
 .debug_abbrev  0x0000063a       0xe6 led_traficLayer/TRAFFIC_LIGHTS/TRAFFIC_LIGHTS.o
 .debug_abbrev  0x00000720       0x63 main.o
 .debug_abbrev  0x00000783       0x7a middle layer/DIO DEVICE/DIO.o
 .debug_abbrev  0x000007fd       0xca middle layer/EXTERNAL_INTRRUPT/EXT_INT.o
 .debug_abbrev  0x000008c7      0x137 middle layer/TIMER0_NORMAL/TIMER0.o

.debug_line     0x00000000      0xf8b
 *(.debug_line .debug_line.* .debug_line_end)
 .debug_line    0x00000000      0x116 D:/microchip studio/7.0/Packs/atmel/ATmega_DFP/1.7.374/gcc/dev/atmega32/avr5/crtatmega32.o
 .debug_line    0x00000116      0x337 application/app.o
 .debug_line    0x0000044d      0x162 led_traficLayer/LED/Led.o
 .debug_line    0x000005af      0x441 led_traficLayer/TRAFFIC_LIGHTS/TRAFFIC_LIGHTS.o
 .debug_line    0x000009f0       0x5f main.o
 .debug_line    0x00000a4f      0x1f0 middle layer/DIO DEVICE/DIO.o
 .debug_line    0x00000c3f      0x1df middle layer/EXTERNAL_INTRRUPT/EXT_INT.o
 .debug_line    0x00000e1e      0x16d middle layer/TIMER0_NORMAL/TIMER0.o

.debug_frame    0x00000000      0x390
 *(.debug_frame)
 .debug_frame   0x00000000       0x9c application/app.o
 .debug_frame   0x0000009c       0x54 led_traficLayer/LED/Led.o
 .debug_frame   0x000000f0      0x114 led_traficLayer/TRAFFIC_LIGHTS/TRAFFIC_LIGHTS.o
 .debug_frame   0x00000204       0x24 main.o
 .debug_frame   0x00000228       0x54 middle layer/DIO DEVICE/DIO.o
 .debug_frame   0x0000027c       0x54 middle layer/EXTERNAL_INTRRUPT/EXT_INT.o
 .debug_frame   0x000002d0       0xc0 middle layer/TIMER0_NORMAL/TIMER0.o

.debug_str      0x00000000      0x6d4
 *(.debug_str)
 .debug_str     0x00000000      0x196 D:/microchip studio/7.0/Packs/atmel/ATmega_DFP/1.7.374/gcc/dev/atmega32/avr5/crtatmega32.o
 .debug_str     0x00000196      0x29e application/app.o
                                0x2b7 (size before relaxing)
 .debug_str     0x00000434       0x6d led_traficLayer/LED/Led.o
                                0x1bf (size before relaxing)
 .debug_str     0x000004a1       0x8f led_traficLayer/TRAFFIC_LIGHTS/TRAFFIC_LIGHTS.o
                                0x2bb (size before relaxing)
 .debug_str     0x00000530       0x11 main.o
                                0x16c (size before relaxing)
 .debug_str     0x00000541       0x40 middle layer/DIO DEVICE/DIO.o
                                0x1bf (size before relaxing)
 .debug_str     0x00000581       0x68 middle layer/EXTERNAL_INTRRUPT/EXT_INT.o
                                0x222 (size before relaxing)
 .debug_str     0x000005e9       0xeb middle layer/TIMER0_NORMAL/TIMER0.o
                                0x257 (size before relaxing)

.debug_loc      0x00000000      0xc25
 *(.debug_loc)
 .debug_loc     0x00000000      0x12b application/app.o
 .debug_loc     0x0000012b      0x108 led_traficLayer/LED/Led.o
 .debug_loc     0x00000233      0x690 middle layer/DIO DEVICE/DIO.o
 .debug_loc     0x000008c3      0x19b middle layer/EXTERNAL_INTRRUPT/EXT_INT.o
 .debug_loc     0x00000a5e      0x1c7 middle layer/TIMER0_NORMAL/TIMER0.o

.debug_macinfo
 *(.debug_macinfo)

.debug_weaknames
 *(.debug_weaknames)

.debug_funcnames
 *(.debug_funcnames)

.debug_typenames
 *(.debug_typenames)

.debug_varnames
 *(.debug_varnames)

.debug_pubtypes
 *(.debug_pubtypes)

.debug_ranges   0x00000000      0x160
 *(.debug_ranges)
 .debug_ranges  0x00000000       0x20 application/app.o
 .debug_ranges  0x00000020       0x28 led_traficLayer/LED/Led.o
 .debug_ranges  0x00000048       0x88 led_traficLayer/TRAFFIC_LIGHTS/TRAFFIC_LIGHTS.o
 .debug_ranges  0x000000d0       0x10 main.o
 .debug_ranges  0x000000e0       0x28 middle layer/DIO DEVICE/DIO.o
 .debug_ranges  0x00000108       0x20 middle layer/EXTERNAL_INTRRUPT/EXT_INT.o
 .debug_ranges  0x00000128       0x38 middle layer/TIMER0_NORMAL/TIMER0.o

.debug_macro
 *(.debug_macro)
OUTPUT(On-demand Traffic light control.elf elf32-avr)
LOAD linker stubs
